{
  "schema": "hancom-gooroom-targeted-source-archaeology-v1",
  "generated_at": "2026-08-07T04:34:26.552114Z",
  "status": "unresolved",
  "reason": "no exact changelog commit was found",
  "source": "linux",
  "version": "5.10.179-1+grm3u1",
  "owners": [
    "hancomgooroom",
    "hancom-io",
    "gooroom"
  ],
  "repository_candidate_count": 12,
  "repository_candidates": [
    "gooroom/linux",
    "gooroom/linux-latest",
    "Aexiar/linux",
    "GustavoLunaBH/Linux",
    "IWDTestBot/linux",
    "myatthitkoko/linux",
    "torvalds/linux",
    "yljos/linux",
    "abdou-demba/linux-permissions-administration-lab",
    "Adithaj1/linux-lab-project",
    "agant172/mazak-vqc20-linuxcnc-retrofit",
    "Ahmedbej3574/chromebook-linux-optimization"
  ],
  "exact_match_count": 0,
  "exact_tree_count": 0,
  "selected": null,
  "exact_matches": [],
  "repository_attempts": [
    {
      "repository_full_name": "gooroom/linux",
      "clone_status": 0,
      "history_search_status": null,
      "candidate_commit_count": 0,
      "stderr_tail": "Cloning into bare repository '/tmp/source-archaeology-5g5qhhhw/gooroom_linux'...\n",
      "fetch_status": 0,
      "timeout": "Command '['git', 'log', '--all', '-S5.10.179-1+grm3u1', '--format=%H', '--', 'debian/changelog']' timed out after 300 seconds"
    },
    {
      "repository_full_name": "gooroom/linux-latest",
      "clone_status": 0,
      "history_search_status": 0,
      "candidate_commit_count": 244,
      "stderr_tail": "Cloning into bare repository '/tmp/source-archaeology-5g5qhhhw/gooroom_linux-latest'...\n",
      "fetch_status": 0
    },
    {
      "repository_full_name": "Aexiar/linux",
      "clone_status": 0,
      "history_search_status": 0,
      "candidate_commit_count": 1,
      "stderr_tail": "Cloning into bare repository '/tmp/source-archaeology-5g5qhhhw/Aexiar_linux'...\n",
      "fetch_status": 0
    },
    {
      "repository_full_name": "GustavoLunaBH/Linux",
      "clone_status": 0,
      "history_search_status": 0,
      "candidate_commit_count": 1,
      "stderr_tail": "Cloning into bare repository '/tmp/source-archaeology-5g5qhhhw/GustavoLunaBH_Linux'...\n",
      "fetch_status": 0
    },
    {
      "repository_full_name": "IWDTestBot/linux",
      "clone_status": 0,
      "history_search_status": 0,
      "candidate_commit_count": 941,
      "stderr_tail": "Cloning into bare repository '/tmp/source-archaeology-5g5qhhhw/IWDTestBot_linux'...\n",
      "fetch_status": 0
    },
    {
      "repository_full_name": "myatthitkoko/linux",
      "clone_status": 0,
      "history_search_status": 0,
      "candidate_commit_count": 1,
      "stderr_tail": "Cloning into bare repository '/tmp/source-archaeology-5g5qhhhw/myatthitkoko_linux'...\n",
      "fetch_status": 0
    },
    {
      "repository_full_name": "torvalds/linux",
      "clone_status": 0,
      "history_search_status": 0,
      "candidate_commit_count": 939,
      "stderr_tail": "Cloning into bare repository '/tmp/source-archaeology-5g5qhhhw/torvalds_linux'...\n",
      "fetch_status": 0
    },
    {
      "repository_full_name": "yljos/linux",
      "clone_status": 0,
      "history_search_status": 0,
      "candidate_commit_count": 1,
      "stderr_tail": "Cloning into bare repository '/tmp/source-archaeology-5g5qhhhw/yljos_linux'...\n",
      "fetch_status": 0
    },
    {
      "repository_full_name": "abdou-demba/linux-permissions-administration-lab",
      "clone_status": 0,
      "history_search_status": 0,
      "candidate_commit_count": 1,
      "stderr_tail": "Cloning into bare repository '/tmp/source-archaeology-5g5qhhhw/abdou-demba_linux-permissions-administration-lab'...\n",
      "fetch_status": 0
    },
    {
      "repository_full_name": "Adithaj1/linux-lab-project",
      "clone_status": 0,
      "history_search_status": 0,
      "candidate_commit_count": 0,
      "stderr_tail": "Cloning into bare repository '/tmp/source-archaeology-5g5qhhhw/Adithaj1_linux-lab-project'...\nwarning: You appear to have cloned an empty repository.\n",
      "fetch_status": 0
    },
    {
      "repository_full_name": "agant172/mazak-vqc20-linuxcnc-retrofit",
      "clone_status": 0,
      "history_search_status": 0,
      "candidate_commit_count": 2,
      "stderr_tail": "Cloning into bare repository '/tmp/source-archaeology-5g5qhhhw/agant172_mazak-vqc20-linuxcnc-retrofit'...\n",
      "fetch_status": 0
    },
    {
      "repository_full_name": "Ahmedbej3574/chromebook-linux-optimization",
      "clone_status": 0,
      "history_search_status": 0,
      "candidate_commit_count": 1,
      "stderr_tail": "Cloning into bare repository '/tmp/source-archaeology-5g5qhhhw/Ahmedbej3574_chromebook-linux-optimization'...\n",
      "fetch_status": 0
    }
  ],
  "api_evidence": [
    {
      "url": "https://api.github.com/orgs/hancomgooroom/repos?type=all&per_page=100&page=1",
      "status": 404,
      "error": "{\"message\":\"Not Found\",\"documentation_url\":\"https://docs.github.com/rest/repos/repos#list-organization-repositories\",\"status\":\"404\"}",
      "account_kind": "organization"
    },
    {
      "url": "https://api.github.com/users/hancomgooroom/repos?type=all&per_page=100&page=1",
      "status": 200,
      "rate_limit_remaining": "4912",
      "account_kind": "user"
    },
    {
      "url": "https://api.github.com/orgs/hancom-io/repos?type=all&per_page=100&page=1",
      "status": 200,
      "rate_limit_remaining": "4911",
      "account_kind": "organization"
    },
    {
      "url": "https://api.github.com/orgs/gooroom/repos?type=all&per_page=100&page=1",
      "status": 200,
      "rate_limit_remaining": "4910",
      "account_kind": "organization"
    },
    {
      "url": "https://api.github.com/search/repositories?q=linux+in%3Aname&sort=updated&order=desc&per_page=100",
      "status": 200,
      "rate_limit_remaining": "28",
      "total_count": 334693,
      "query": "linux in:name"
    }
  ]
}
