{
  "schema": "hancom-gooroom-targeted-source-archaeology-v1",
  "generated_at": "2026-08-07T04:13:04.606801Z",
  "status": "resolved",
  "reason": "all exact changelog matches identify one immutable Git tree",
  "source": "gooroom-browser",
  "version": "3.5.0-1+grm3u3",
  "owners": [
    "hancomgooroom",
    "hancom-io",
    "gooroom"
  ],
  "repository_candidate_count": 12,
  "repository_candidates": [
    "gooroom/gooroom-browser",
    "hancom-io/charts",
    "hancom-io/charts-release",
    "hancom-io/devcenter-archive",
    "hancom-io/didactic-octo-palm-tree",
    "hancom-io/dvc",
    "hancom-io/gdebi",
    "hancom-io/gnome-flashback",
    "hancom-io/gnome-screensaver",
    "hancom-io/gooroom-bootsplash-theme",
    "hancom-io/gooroom-client-server-register",
    "hancom-io/gooroom-greeter"
  ],
  "exact_match_count": 1,
  "exact_tree_count": 1,
  "selected": {
    "type": "git",
    "repository_full_name": "gooroom/gooroom-browser",
    "repository_url": "https://github.com/gooroom/gooroom-browser",
    "commit_sha": "829ad92a98f523a79c7b30f3d5b604bfaef03eb0",
    "tree_sha": "4a5e691645dad54a2a9636dcc21870c66418f978",
    "committer_date": "2023-05-04T15:11:04+09:00",
    "declared_source": "gooroom-browser",
    "declared_version": "3.5.0-1+grm3u3",
    "changelog_head": "gooroom-browser (3.5.0-1+grm3u3) stretch; urgency=medium",
    "containing_refs": [
      "refs/heads/gooroom-3.0-v115",
      "refs/heads/gooroom-4.0-v115",
      "refs/heads/gooroom-4.0-v121",
      "refs/heads/gooroom-4.0-v126",
      "refs/heads/gooroom-4.0-v129",
      "refs/remotes/origin/gooroom-3.0-v115",
      "refs/remotes/origin/gooroom-4.0-v115",
      "refs/remotes/origin/gooroom-4.0-v121",
      "refs/remotes/origin/gooroom-4.0-v126",
      "refs/remotes/origin/gooroom-4.0-v129"
    ],
    "source_archive": "https://github.com/gooroom/gooroom-browser/archive/829ad92a98f523a79c7b30f3d5b604bfaef03eb0.tar.gz",
    "match_scope": "complete-debian-changelog-history"
  },
  "exact_matches": [
    {
      "type": "git",
      "repository_full_name": "gooroom/gooroom-browser",
      "repository_url": "https://github.com/gooroom/gooroom-browser",
      "commit_sha": "829ad92a98f523a79c7b30f3d5b604bfaef03eb0",
      "tree_sha": "4a5e691645dad54a2a9636dcc21870c66418f978",
      "committer_date": "2023-05-04T15:11:04+09:00",
      "declared_source": "gooroom-browser",
      "declared_version": "3.5.0-1+grm3u3",
      "changelog_head": "gooroom-browser (3.5.0-1+grm3u3) stretch; urgency=medium",
      "containing_refs": [
        "refs/heads/gooroom-3.0-v115",
        "refs/heads/gooroom-4.0-v115",
        "refs/heads/gooroom-4.0-v121",
        "refs/heads/gooroom-4.0-v126",
        "refs/heads/gooroom-4.0-v129",
        "refs/remotes/origin/gooroom-3.0-v115",
        "refs/remotes/origin/gooroom-4.0-v115",
        "refs/remotes/origin/gooroom-4.0-v121",
        "refs/remotes/origin/gooroom-4.0-v126",
        "refs/remotes/origin/gooroom-4.0-v129"
      ],
      "source_archive": "https://github.com/gooroom/gooroom-browser/archive/829ad92a98f523a79c7b30f3d5b604bfaef03eb0.tar.gz",
      "match_scope": "complete-debian-changelog-history"
    }
  ],
  "repository_attempts": [
    {
      "repository_full_name": "gooroom/gooroom-browser",
      "clone_status": 0,
      "history_search_status": 0,
      "candidate_commit_count": 2,
      "stderr_tail": "Cloning into bare repository '/tmp/source-archaeology-37wum7x_/gooroom_gooroom-browser'...\n",
      "fetch_status": 0
    },
    {
      "repository_full_name": "hancom-io/charts",
      "clone_status": 0,
      "history_search_status": 0,
      "candidate_commit_count": 3,
      "stderr_tail": "Cloning into bare repository '/tmp/source-archaeology-37wum7x_/hancom-io_charts'...\n",
      "fetch_status": 0
    },
    {
      "repository_full_name": "hancom-io/charts-release",
      "clone_status": 0,
      "history_search_status": 0,
      "candidate_commit_count": 2,
      "stderr_tail": "Cloning into bare repository '/tmp/source-archaeology-37wum7x_/hancom-io_charts-release'...\n",
      "fetch_status": 0
    },
    {
      "repository_full_name": "hancom-io/devcenter-archive",
      "clone_status": 0,
      "history_search_status": 0,
      "candidate_commit_count": 2,
      "stderr_tail": "Cloning into bare repository '/tmp/source-archaeology-37wum7x_/hancom-io_devcenter-archive'...\n",
      "fetch_status": 0
    },
    {
      "repository_full_name": "hancom-io/didactic-octo-palm-tree",
      "clone_status": 0,
      "history_search_status": 0,
      "candidate_commit_count": 1,
      "stderr_tail": "Cloning into bare repository '/tmp/source-archaeology-37wum7x_/hancom-io_didactic-octo-palm-tree'...\n",
      "fetch_status": 0
    },
    {
      "repository_full_name": "hancom-io/dvc",
      "clone_status": 0,
      "history_search_status": 0,
      "candidate_commit_count": 1,
      "stderr_tail": "Cloning into bare repository '/tmp/source-archaeology-37wum7x_/hancom-io_dvc'...\n",
      "fetch_status": 0
    },
    {
      "repository_full_name": "hancom-io/gdebi",
      "clone_status": 0,
      "history_search_status": 0,
      "candidate_commit_count": 1,
      "stderr_tail": "Cloning into bare repository '/tmp/source-archaeology-37wum7x_/hancom-io_gdebi'...\n",
      "fetch_status": 0
    },
    {
      "repository_full_name": "hancom-io/gnome-flashback",
      "clone_status": 0,
      "history_search_status": 0,
      "candidate_commit_count": 1,
      "stderr_tail": "Cloning into bare repository '/tmp/source-archaeology-37wum7x_/hancom-io_gnome-flashback'...\n",
      "fetch_status": 0
    },
    {
      "repository_full_name": "hancom-io/gnome-screensaver",
      "clone_status": 0,
      "history_search_status": 0,
      "candidate_commit_count": 2,
      "stderr_tail": "Cloning into bare repository '/tmp/source-archaeology-37wum7x_/hancom-io_gnome-screensaver'...\n",
      "fetch_status": 0
    },
    {
      "repository_full_name": "hancom-io/gooroom-bootsplash-theme",
      "clone_status": 0,
      "history_search_status": 0,
      "candidate_commit_count": 2,
      "stderr_tail": "Cloning into bare repository '/tmp/source-archaeology-37wum7x_/hancom-io_gooroom-bootsplash-theme'...\n",
      "fetch_status": 0
    },
    {
      "repository_full_name": "hancom-io/gooroom-client-server-register",
      "clone_status": 0,
      "history_search_status": 0,
      "candidate_commit_count": 3,
      "stderr_tail": "Cloning into bare repository '/tmp/source-archaeology-37wum7x_/hancom-io_gooroom-client-server-register'...\n",
      "fetch_status": 0
    },
    {
      "repository_full_name": "hancom-io/gooroom-greeter",
      "clone_status": 0,
      "history_search_status": 0,
      "candidate_commit_count": 3,
      "stderr_tail": "Cloning into bare repository '/tmp/source-archaeology-37wum7x_/hancom-io_gooroom-greeter'...\n",
      "fetch_status": 0
    }
  ],
  "api_evidence": [
    {
      "url": "https://api.github.com/orgs/hancomgooroom/repos?type=all&per_page=100&page=1",
      "status": 404,
      "error": "{\"message\":\"Not Found\",\"documentation_url\":\"https://docs.github.com/rest/repos/repos#list-organization-repositories\",\"status\":\"404\"}"
    },
    {
      "url": "https://api.github.com/orgs/hancom-io/repos?type=all&per_page=100&page=1",
      "status": 200,
      "rate_limit_remaining": "4998"
    },
    {
      "url": "https://api.github.com/orgs/gooroom/repos?type=all&per_page=100&page=1",
      "status": 200,
      "rate_limit_remaining": "4997"
    },
    {
      "url": "https://api.github.com/search/code?q=%223.5.0-1%2Bgrm3u3%22+org%3Ahancomgooroom&per_page=100",
      "status": 200,
      "rate_limit_remaining": "9",
      "total_count": 0,
      "query": "\"3.5.0-1+grm3u3\" org:hancomgooroom"
    },
    {
      "url": "https://api.github.com/search/code?q=%223.5.0-1%2Bgrm3u3%22+org%3Ahancom-io&per_page=100",
      "status": 200,
      "rate_limit_remaining": "6",
      "total_count": 0,
      "query": "\"3.5.0-1+grm3u3\" org:hancom-io"
    },
    {
      "url": "https://api.github.com/search/code?q=%223.5.0-1%2Bgrm3u3%22+org%3Agooroom&per_page=100",
      "status": 200,
      "rate_limit_remaining": "3",
      "total_count": 0,
      "query": "\"3.5.0-1+grm3u3\" org:gooroom"
    },
    {
      "url": "https://api.github.com/search/code?q=%223.5.0-1%2Bgrm3u3%22+%22gooroom-browser%22&per_page=100",
      "status": 200,
      "rate_limit_remaining": "0",
      "total_count": 0,
      "query": "\"3.5.0-1+grm3u3\" \"gooroom-browser\""
    },
    {
      "url": "https://api.github.com/search/code?q=%223.5.0-1%2Bgrm3u3%22+path%3Adebian%2Fchangelog&per_page=100",
      "status": 403,
      "error": "{\n\t\"message\": \"API rate limit exceeded for installation. If you reach out to GitHub Support for help, please include the request ID 83C0:21C80F:DA5F47:E007BF:6A755AE4 and timestamp 2026-08-07 04:11:16 UTC. For more on scraping GitHub and how it may affect your rights, please review our Terms of Service (https:\\/\\/docs.github.com\\/en\\/site-policy\\/github-terms\\/github-terms-of-service)\",\n\t\"documentation_url\": \"https://docs.github.com/en/rest/using-the-rest-api/getting-started-with-the-rest-api#rate-limiting\",\n\t\"status\": \"403\"\n}\n",
      "query": "\"3.5.0-1+grm3u3\" path:debian/changelog"
    },
    {
      "url": "https://api.github.com/search/repositories?q=gooroom-browser+in%3Aname&sort=updated&order=desc&per_page=100",
      "status": 200,
      "rate_limit_remaining": "29",
      "total_count": 1,
      "query": "gooroom-browser in:name"
    },
    {
      "url": "https://api.github.com/search/repositories?q=gooroom-browser+in%3Aname&sort=updated&order=desc&per_page=100",
      "status": 200,
      "rate_limit_remaining": "27",
      "total_count": 1,
      "query": "gooroom-browser in:name"
    }
  ]
}
