{
  "schema": "hancom-gooroom-targeted-source-archaeology-v1",
  "generated_at": "2026-08-07T04:14:54.335808Z",
  "status": "unresolved",
  "reason": "no exact changelog commit was found",
  "source": "gooroom-integration-applet",
  "version": "0.3.1+grm3u1+han3u3",
  "owners": [
    "hancomgooroom",
    "hancom-io",
    "gooroom"
  ],
  "repository_candidate_count": 12,
  "repository_candidates": [
    "gooroom/gooroom-integration-applet",
    "hancom-io/charts",
    "hancom-io/charts-release",
    "hancom-io/devcenter-archive",
    "hancom-io/didactic-octo-palm-tree",
    "hancom-io/dvc",
    "hancom-io/gdebi",
    "hancom-io/gnome-flashback",
    "hancom-io/gnome-screensaver",
    "hancom-io/gooroom-bootsplash-theme",
    "hancom-io/gooroom-client-server-register",
    "hancom-io/gooroom-greeter"
  ],
  "exact_match_count": 0,
  "exact_tree_count": 0,
  "selected": null,
  "exact_matches": [],
  "repository_attempts": [
    {
      "repository_full_name": "gooroom/gooroom-integration-applet",
      "clone_status": 0,
      "history_search_status": 0,
      "candidate_commit_count": 23,
      "stderr_tail": "Cloning into bare repository '/tmp/source-archaeology-04kp9snh/gooroom_gooroom-integration-applet'...\n",
      "fetch_status": 0
    },
    {
      "repository_full_name": "hancom-io/charts",
      "clone_status": 0,
      "history_search_status": 0,
      "candidate_commit_count": 3,
      "stderr_tail": "Cloning into bare repository '/tmp/source-archaeology-04kp9snh/hancom-io_charts'...\n",
      "fetch_status": 0
    },
    {
      "repository_full_name": "hancom-io/charts-release",
      "clone_status": 0,
      "history_search_status": 0,
      "candidate_commit_count": 2,
      "stderr_tail": "Cloning into bare repository '/tmp/source-archaeology-04kp9snh/hancom-io_charts-release'...\n",
      "fetch_status": 0
    },
    {
      "repository_full_name": "hancom-io/devcenter-archive",
      "clone_status": 0,
      "history_search_status": 0,
      "candidate_commit_count": 2,
      "stderr_tail": "Cloning into bare repository '/tmp/source-archaeology-04kp9snh/hancom-io_devcenter-archive'...\n",
      "fetch_status": 0
    },
    {
      "repository_full_name": "hancom-io/didactic-octo-palm-tree",
      "clone_status": 0,
      "history_search_status": 0,
      "candidate_commit_count": 1,
      "stderr_tail": "Cloning into bare repository '/tmp/source-archaeology-04kp9snh/hancom-io_didactic-octo-palm-tree'...\n",
      "fetch_status": 0
    },
    {
      "repository_full_name": "hancom-io/dvc",
      "clone_status": 0,
      "history_search_status": 0,
      "candidate_commit_count": 1,
      "stderr_tail": "Cloning into bare repository '/tmp/source-archaeology-04kp9snh/hancom-io_dvc'...\n",
      "fetch_status": 0
    },
    {
      "repository_full_name": "hancom-io/gdebi",
      "clone_status": 0,
      "history_search_status": 0,
      "candidate_commit_count": 1,
      "stderr_tail": "Cloning into bare repository '/tmp/source-archaeology-04kp9snh/hancom-io_gdebi'...\n",
      "fetch_status": 0
    },
    {
      "repository_full_name": "hancom-io/gnome-flashback",
      "clone_status": 0,
      "history_search_status": 0,
      "candidate_commit_count": 1,
      "stderr_tail": "Cloning into bare repository '/tmp/source-archaeology-04kp9snh/hancom-io_gnome-flashback'...\n",
      "fetch_status": 0
    },
    {
      "repository_full_name": "hancom-io/gnome-screensaver",
      "clone_status": 0,
      "history_search_status": 0,
      "candidate_commit_count": 2,
      "stderr_tail": "Cloning into bare repository '/tmp/source-archaeology-04kp9snh/hancom-io_gnome-screensaver'...\n",
      "fetch_status": 0
    },
    {
      "repository_full_name": "hancom-io/gooroom-bootsplash-theme",
      "clone_status": 0,
      "history_search_status": 0,
      "candidate_commit_count": 2,
      "stderr_tail": "Cloning into bare repository '/tmp/source-archaeology-04kp9snh/hancom-io_gooroom-bootsplash-theme'...\n",
      "fetch_status": 0
    },
    {
      "repository_full_name": "hancom-io/gooroom-client-server-register",
      "clone_status": 0,
      "history_search_status": 0,
      "candidate_commit_count": 3,
      "stderr_tail": "Cloning into bare repository '/tmp/source-archaeology-04kp9snh/hancom-io_gooroom-client-server-register'...\n",
      "fetch_status": 0
    },
    {
      "repository_full_name": "hancom-io/gooroom-greeter",
      "clone_status": 0,
      "history_search_status": 0,
      "candidate_commit_count": 3,
      "stderr_tail": "Cloning into bare repository '/tmp/source-archaeology-04kp9snh/hancom-io_gooroom-greeter'...\n",
      "fetch_status": 0
    }
  ],
  "api_evidence": [
    {
      "url": "https://api.github.com/orgs/hancomgooroom/repos?type=all&per_page=100&page=1",
      "status": 404,
      "error": "{\"message\":\"Not Found\",\"documentation_url\":\"https://docs.github.com/rest/repos/repos#list-organization-repositories\",\"status\":\"404\"}"
    },
    {
      "url": "https://api.github.com/orgs/hancom-io/repos?type=all&per_page=100&page=1",
      "status": 200,
      "rate_limit_remaining": "4977"
    },
    {
      "url": "https://api.github.com/orgs/gooroom/repos?type=all&per_page=100&page=1",
      "status": 200,
      "rate_limit_remaining": "4976"
    },
    {
      "url": "https://api.github.com/search/code?q=%220.3.1%2Bgrm3u1%2Bhan3u3%22+org%3Ahancomgooroom&per_page=100",
      "status": 200,
      "rate_limit_remaining": "8",
      "total_count": 0,
      "query": "\"0.3.1+grm3u1+han3u3\" org:hancomgooroom"
    },
    {
      "url": "https://api.github.com/search/code?q=%220.3.1%2Bgrm3u1%2Bhan3u3%22+org%3Ahancom-io&per_page=100",
      "status": 200,
      "rate_limit_remaining": "7",
      "total_count": 0,
      "query": "\"0.3.1+grm3u1+han3u3\" org:hancom-io"
    },
    {
      "url": "https://api.github.com/search/code?q=%220.3.1%2Bgrm3u1%2Bhan3u3%22+org%3Agooroom&per_page=100",
      "status": 200,
      "rate_limit_remaining": "6",
      "total_count": 0,
      "query": "\"0.3.1+grm3u1+han3u3\" org:gooroom"
    },
    {
      "url": "https://api.github.com/search/code?q=%220.3.1%2Bgrm3u1%2Bhan3u3%22+%22gooroom-integration-applet%22&per_page=100",
      "status": 200,
      "rate_limit_remaining": "5",
      "total_count": 0,
      "query": "\"0.3.1+grm3u1+han3u3\" \"gooroom-integration-applet\""
    },
    {
      "url": "https://api.github.com/search/code?q=%220.3.1%2Bgrm3u1%2Bhan3u3%22+path%3Adebian%2Fchangelog&per_page=100",
      "status": 200,
      "rate_limit_remaining": "4",
      "total_count": 0,
      "query": "\"0.3.1+grm3u1+han3u3\" path:debian/changelog"
    },
    {
      "url": "https://api.github.com/search/repositories?q=gooroom-integration-applet+in%3Aname&sort=updated&order=desc&per_page=100",
      "status": 200,
      "rate_limit_remaining": "29",
      "total_count": 1,
      "query": "gooroom-integration-applet in:name"
    },
    {
      "url": "https://api.github.com/search/repositories?q=gooroom-integration-applet+in%3Aname&sort=updated&order=desc&per_page=100",
      "status": 200,
      "rate_limit_remaining": "28",
      "total_count": 1,
      "query": "gooroom-integration-applet in:name"
    }
  ]
}
