{
  "schema": "hancom-gooroom-targeted-source-archaeology-v1",
  "generated_at": "2026-08-07T04:21:54.951948Z",
  "status": "resolved",
  "reason": "all exact changelog matches identify one immutable Git tree",
  "source": "gooroom-libsecurity-extensions",
  "version": "0.1.7+grm3u1",
  "owners": [
    "hancomgooroom",
    "hancom-io",
    "gooroom"
  ],
  "repository_candidate_count": 12,
  "repository_candidates": [
    "gooroom/gooroom-libsecurity-extensions",
    "hancomgooroom/gdebi",
    "hancomgooroom/gnome-flashback",
    "hancomgooroom/gnome-screensaver",
    "hancomgooroom/gooroom-bootsplash-theme",
    "hancomgooroom/gooroom-client-server-register",
    "hancomgooroom/gooroom-greeter",
    "hancomgooroom/gooroom-guide",
    "hancomgooroom/gooroom-icon-themes",
    "hancomgooroom/gooroom-initial-setup",
    "hancomgooroom/gooroom-translations",
    "hancomgooroom/gooroom-yelp-adjustments"
  ],
  "exact_match_count": 1,
  "exact_tree_count": 1,
  "selected": {
    "type": "git",
    "repository_full_name": "gooroom/gooroom-libsecurity-extensions",
    "repository_url": "https://github.com/gooroom/gooroom-libsecurity-extensions",
    "commit_sha": "4990bab95ae1dcaa29f38836da83edfa0969ed73",
    "tree_sha": "e1dce97d3cd69331047c01940b2593a0eaf2307a",
    "committer_date": "2021-12-10T12:40:04+09:00",
    "declared_source": "gooroom-libsecurity-extensions",
    "declared_version": "0.1.7+grm3u1",
    "changelog_head": "gooroom-libsecurity-extensions (0.1.7+grm3u1) unstable; urgency=medium",
    "containing_refs": [
      "refs/heads/gooroom-3.0",
      "refs/heads/gooroom-4.0",
      "refs/remotes/origin/gooroom-3.0",
      "refs/remotes/origin/gooroom-4.0",
      "refs/tags/gooroom/0.1.7+grm3u1",
      "refs/tags/gooroom/0.1.7+grm4u1"
    ],
    "source_archive": "https://github.com/gooroom/gooroom-libsecurity-extensions/archive/4990bab95ae1dcaa29f38836da83edfa0969ed73.tar.gz",
    "match_scope": "complete-debian-changelog-history"
  },
  "exact_matches": [
    {
      "type": "git",
      "repository_full_name": "gooroom/gooroom-libsecurity-extensions",
      "repository_url": "https://github.com/gooroom/gooroom-libsecurity-extensions",
      "commit_sha": "4990bab95ae1dcaa29f38836da83edfa0969ed73",
      "tree_sha": "e1dce97d3cd69331047c01940b2593a0eaf2307a",
      "committer_date": "2021-12-10T12:40:04+09:00",
      "declared_source": "gooroom-libsecurity-extensions",
      "declared_version": "0.1.7+grm3u1",
      "changelog_head": "gooroom-libsecurity-extensions (0.1.7+grm3u1) unstable; urgency=medium",
      "containing_refs": [
        "refs/heads/gooroom-3.0",
        "refs/heads/gooroom-4.0",
        "refs/remotes/origin/gooroom-3.0",
        "refs/remotes/origin/gooroom-4.0",
        "refs/tags/gooroom/0.1.7+grm3u1",
        "refs/tags/gooroom/0.1.7+grm4u1"
      ],
      "source_archive": "https://github.com/gooroom/gooroom-libsecurity-extensions/archive/4990bab95ae1dcaa29f38836da83edfa0969ed73.tar.gz",
      "match_scope": "complete-debian-changelog-history"
    }
  ],
  "repository_attempts": [
    {
      "repository_full_name": "gooroom/gooroom-libsecurity-extensions",
      "clone_status": 0,
      "history_search_status": 0,
      "candidate_commit_count": 1,
      "stderr_tail": "Cloning into bare repository '/tmp/source-archaeology-hcqijgwl/gooroom_gooroom-libsecurity-extensions'...\n",
      "fetch_status": 0
    },
    {
      "repository_full_name": "hancomgooroom/gdebi",
      "clone_status": 0,
      "history_search_status": 0,
      "candidate_commit_count": 2,
      "stderr_tail": "Cloning into bare repository '/tmp/source-archaeology-hcqijgwl/hancomgooroom_gdebi'...\n",
      "fetch_status": 0
    },
    {
      "repository_full_name": "hancomgooroom/gnome-flashback",
      "clone_status": 0,
      "history_search_status": 0,
      "candidate_commit_count": 2,
      "stderr_tail": "Cloning into bare repository '/tmp/source-archaeology-hcqijgwl/hancomgooroom_gnome-flashback'...\n",
      "fetch_status": 0
    },
    {
      "repository_full_name": "hancomgooroom/gnome-screensaver",
      "clone_status": 0,
      "history_search_status": 0,
      "candidate_commit_count": 2,
      "stderr_tail": "Cloning into bare repository '/tmp/source-archaeology-hcqijgwl/hancomgooroom_gnome-screensaver'...\n",
      "fetch_status": 0
    },
    {
      "repository_full_name": "hancomgooroom/gooroom-bootsplash-theme",
      "clone_status": 0,
      "history_search_status": 0,
      "candidate_commit_count": 2,
      "stderr_tail": "Cloning into bare repository '/tmp/source-archaeology-hcqijgwl/hancomgooroom_gooroom-bootsplash-theme'...\n",
      "fetch_status": 0
    },
    {
      "repository_full_name": "hancomgooroom/gooroom-client-server-register",
      "clone_status": 0,
      "history_search_status": 0,
      "candidate_commit_count": 4,
      "stderr_tail": "Cloning into bare repository '/tmp/source-archaeology-hcqijgwl/hancomgooroom_gooroom-client-server-register'...\n",
      "fetch_status": 0
    },
    {
      "repository_full_name": "hancomgooroom/gooroom-greeter",
      "clone_status": 0,
      "history_search_status": 0,
      "candidate_commit_count": 4,
      "stderr_tail": "Cloning into bare repository '/tmp/source-archaeology-hcqijgwl/hancomgooroom_gooroom-greeter'...\n",
      "fetch_status": 0
    },
    {
      "repository_full_name": "hancomgooroom/gooroom-guide",
      "clone_status": 0,
      "history_search_status": 0,
      "candidate_commit_count": 4,
      "stderr_tail": "Cloning into bare repository '/tmp/source-archaeology-hcqijgwl/hancomgooroom_gooroom-guide'...\n",
      "fetch_status": 0
    },
    {
      "repository_full_name": "hancomgooroom/gooroom-icon-themes",
      "clone_status": 0,
      "history_search_status": 0,
      "candidate_commit_count": 2,
      "stderr_tail": "Cloning into bare repository '/tmp/source-archaeology-hcqijgwl/hancomgooroom_gooroom-icon-themes'...\n",
      "fetch_status": 0
    },
    {
      "repository_full_name": "hancomgooroom/gooroom-initial-setup",
      "clone_status": 0,
      "history_search_status": 0,
      "candidate_commit_count": 1,
      "stderr_tail": "Cloning into bare repository '/tmp/source-archaeology-hcqijgwl/hancomgooroom_gooroom-initial-setup'...\n",
      "fetch_status": 0
    },
    {
      "repository_full_name": "hancomgooroom/gooroom-translations",
      "clone_status": 0,
      "history_search_status": 0,
      "candidate_commit_count": 4,
      "stderr_tail": "Cloning into bare repository '/tmp/source-archaeology-hcqijgwl/hancomgooroom_gooroom-translations'...\n",
      "fetch_status": 0
    },
    {
      "repository_full_name": "hancomgooroom/gooroom-yelp-adjustments",
      "clone_status": 0,
      "history_search_status": 0,
      "candidate_commit_count": 2,
      "stderr_tail": "Cloning into bare repository '/tmp/source-archaeology-hcqijgwl/hancomgooroom_gooroom-yelp-adjustments'...\n",
      "fetch_status": 0
    }
  ],
  "api_evidence": [
    {
      "url": "https://api.github.com/orgs/hancomgooroom/repos?type=all&per_page=100&page=1",
      "status": 404,
      "error": "{\"message\":\"Not Found\",\"documentation_url\":\"https://docs.github.com/rest/repos/repos#list-organization-repositories\",\"status\":\"404\"}",
      "account_kind": "organization"
    },
    {
      "url": "https://api.github.com/users/hancomgooroom/repos?type=all&per_page=100&page=1",
      "status": 200,
      "rate_limit_remaining": "4924",
      "account_kind": "user"
    },
    {
      "url": "https://api.github.com/orgs/hancom-io/repos?type=all&per_page=100&page=1",
      "status": 200,
      "rate_limit_remaining": "4923",
      "account_kind": "organization"
    },
    {
      "url": "https://api.github.com/orgs/gooroom/repos?type=all&per_page=100&page=1",
      "status": 200,
      "rate_limit_remaining": "4922",
      "account_kind": "organization"
    },
    {
      "url": "https://api.github.com/search/repositories?q=gooroom-libsecurity-extensions+in%3Aname&sort=updated&order=desc&per_page=100",
      "status": 200,
      "rate_limit_remaining": "26",
      "total_count": 1,
      "query": "gooroom-libsecurity-extensions in:name"
    }
  ]
}
