{
  "schema": "hancom-gooroom-targeted-source-archaeology-v1",
  "generated_at": "2026-08-07T04:12:06.098132Z",
  "status": "unresolved",
  "reason": "no exact changelog commit was found",
  "source": "gooroom-applauncher-applet",
  "version": "0.4.0+grm3u1+han3u2",
  "owners": [
    "hancomgooroom",
    "hancom-io",
    "gooroom"
  ],
  "repository_candidate_count": 12,
  "repository_candidates": [
    "gooroom/gooroom-applauncher-applet",
    "hancom-io/charts",
    "hancom-io/charts-release",
    "hancom-io/devcenter-archive",
    "hancom-io/didactic-octo-palm-tree",
    "hancom-io/dvc",
    "hancom-io/gdebi",
    "hancom-io/gnome-flashback",
    "hancom-io/gnome-screensaver",
    "hancom-io/gooroom-bootsplash-theme",
    "hancom-io/gooroom-client-server-register",
    "hancom-io/gooroom-greeter"
  ],
  "exact_match_count": 0,
  "exact_tree_count": 0,
  "selected": null,
  "exact_matches": [],
  "repository_attempts": [
    {
      "repository_full_name": "gooroom/gooroom-applauncher-applet",
      "clone_status": 0,
      "history_search_status": 0,
      "candidate_commit_count": 18,
      "stderr_tail": "Cloning into bare repository '/tmp/source-archaeology-zusa2pyt/gooroom_gooroom-applauncher-applet'...\n",
      "fetch_status": 0
    },
    {
      "repository_full_name": "hancom-io/charts",
      "clone_status": 0,
      "history_search_status": 0,
      "candidate_commit_count": 3,
      "stderr_tail": "Cloning into bare repository '/tmp/source-archaeology-zusa2pyt/hancom-io_charts'...\n",
      "fetch_status": 0
    },
    {
      "repository_full_name": "hancom-io/charts-release",
      "clone_status": 0,
      "history_search_status": 0,
      "candidate_commit_count": 2,
      "stderr_tail": "Cloning into bare repository '/tmp/source-archaeology-zusa2pyt/hancom-io_charts-release'...\n",
      "fetch_status": 0
    },
    {
      "repository_full_name": "hancom-io/devcenter-archive",
      "clone_status": 0,
      "history_search_status": 0,
      "candidate_commit_count": 2,
      "stderr_tail": "Cloning into bare repository '/tmp/source-archaeology-zusa2pyt/hancom-io_devcenter-archive'...\n",
      "fetch_status": 0
    },
    {
      "repository_full_name": "hancom-io/didactic-octo-palm-tree",
      "clone_status": 0,
      "history_search_status": 0,
      "candidate_commit_count": 1,
      "stderr_tail": "Cloning into bare repository '/tmp/source-archaeology-zusa2pyt/hancom-io_didactic-octo-palm-tree'...\n",
      "fetch_status": 0
    },
    {
      "repository_full_name": "hancom-io/dvc",
      "clone_status": 0,
      "history_search_status": 0,
      "candidate_commit_count": 1,
      "stderr_tail": "Cloning into bare repository '/tmp/source-archaeology-zusa2pyt/hancom-io_dvc'...\n",
      "fetch_status": 0
    },
    {
      "repository_full_name": "hancom-io/gdebi",
      "clone_status": 0,
      "history_search_status": 0,
      "candidate_commit_count": 1,
      "stderr_tail": "Cloning into bare repository '/tmp/source-archaeology-zusa2pyt/hancom-io_gdebi'...\n",
      "fetch_status": 0
    },
    {
      "repository_full_name": "hancom-io/gnome-flashback",
      "clone_status": 0,
      "history_search_status": 0,
      "candidate_commit_count": 1,
      "stderr_tail": "Cloning into bare repository '/tmp/source-archaeology-zusa2pyt/hancom-io_gnome-flashback'...\n",
      "fetch_status": 0
    },
    {
      "repository_full_name": "hancom-io/gnome-screensaver",
      "clone_status": 0,
      "history_search_status": 0,
      "candidate_commit_count": 2,
      "stderr_tail": "Cloning into bare repository '/tmp/source-archaeology-zusa2pyt/hancom-io_gnome-screensaver'...\n",
      "fetch_status": 0
    },
    {
      "repository_full_name": "hancom-io/gooroom-bootsplash-theme",
      "clone_status": 0,
      "history_search_status": 0,
      "candidate_commit_count": 2,
      "stderr_tail": "Cloning into bare repository '/tmp/source-archaeology-zusa2pyt/hancom-io_gooroom-bootsplash-theme'...\n",
      "fetch_status": 0
    },
    {
      "repository_full_name": "hancom-io/gooroom-client-server-register",
      "clone_status": 0,
      "history_search_status": 0,
      "candidate_commit_count": 3,
      "stderr_tail": "Cloning into bare repository '/tmp/source-archaeology-zusa2pyt/hancom-io_gooroom-client-server-register'...\n",
      "fetch_status": 0
    },
    {
      "repository_full_name": "hancom-io/gooroom-greeter",
      "clone_status": 0,
      "history_search_status": 0,
      "candidate_commit_count": 3,
      "stderr_tail": "Cloning into bare repository '/tmp/source-archaeology-zusa2pyt/hancom-io_gooroom-greeter'...\n",
      "fetch_status": 0
    }
  ],
  "api_evidence": [
    {
      "url": "https://api.github.com/orgs/hancomgooroom/repos?type=all&per_page=100&page=1",
      "status": 404,
      "error": "{\"message\":\"Not Found\",\"documentation_url\":\"https://docs.github.com/rest/repos/repos#list-organization-repositories\",\"status\":\"404\"}"
    },
    {
      "url": "https://api.github.com/orgs/hancom-io/repos?type=all&per_page=100&page=1",
      "status": 200,
      "rate_limit_remaining": "4989"
    },
    {
      "url": "https://api.github.com/orgs/gooroom/repos?type=all&per_page=100&page=1",
      "status": 200,
      "rate_limit_remaining": "4988"
    },
    {
      "url": "https://api.github.com/search/code?q=%220.4.0%2Bgrm3u1%2Bhan3u2%22+org%3Ahancomgooroom&per_page=100",
      "status": 403,
      "error": "{\n\t\"message\": \"API rate limit exceeded for installation. If you reach out to GitHub Support for help, please include the request ID 382B:437B0:424522:DFF535:6A755AE4 and timestamp 2026-08-07 04:11:16 UTC. For more on scraping GitHub and how it may affect your rights, please review our Terms of Service (https:\\/\\/docs.github.com\\/en\\/site-policy\\/github-terms\\/github-terms-of-service)\",\n\t\"documentation_url\": \"https://docs.github.com/en/rest/using-the-rest-api/getting-started-with-the-rest-api#rate-limiting\",\n\t\"status\": \"403\"\n}\n",
      "query": "\"0.4.0+grm3u1+han3u2\" org:hancomgooroom"
    },
    {
      "url": "https://api.github.com/search/code?q=%220.4.0%2Bgrm3u1%2Bhan3u2%22+org%3Ahancom-io&per_page=100",
      "status": 403,
      "error": "{\n\t\"message\": \"API rate limit exceeded for installation. If you reach out to GitHub Support for help, please include the request ID 3828:36D875:439D71:E2BBBF:6A755AE6 and timestamp 2026-08-07 04:11:18 UTC. For more on scraping GitHub and how it may affect your rights, please review our Terms of Service (https:\\/\\/docs.github.com\\/en\\/site-policy\\/github-terms\\/github-terms-of-service)\",\n\t\"documentation_url\": \"https://docs.github.com/en/rest/using-the-rest-api/getting-started-with-the-rest-api#rate-limiting\",\n\t\"status\": \"403\"\n}\n",
      "query": "\"0.4.0+grm3u1+han3u2\" org:hancom-io"
    },
    {
      "url": "https://api.github.com/search/code?q=%220.4.0%2Bgrm3u1%2Bhan3u2%22+org%3Agooroom&per_page=100",
      "status": 403,
      "error": "{\n\t\"message\": \"API rate limit exceeded for installation. If you reach out to GitHub Support for help, please include the request ID 3829:1BBE8E:40EDCC:D98F65:6A755AE7 and timestamp 2026-08-07 04:11:19 UTC. For more on scraping GitHub and how it may affect your rights, please review our Terms of Service (https:\\/\\/docs.github.com\\/en\\/site-policy\\/github-terms\\/github-terms-of-service)\",\n\t\"documentation_url\": \"https://docs.github.com/en/rest/using-the-rest-api/getting-started-with-the-rest-api#rate-limiting\",\n\t\"status\": \"403\"\n}\n",
      "query": "\"0.4.0+grm3u1+han3u2\" org:gooroom"
    },
    {
      "url": "https://api.github.com/search/code?q=%220.4.0%2Bgrm3u1%2Bhan3u2%22+%22gooroom-applauncher-applet%22&per_page=100",
      "status": 403,
      "error": "{\n\t\"message\": \"API rate limit exceeded for installation. If you reach out to GitHub Support for help, please include the request ID 382A:3EF546:42B5EC:DFB65B:6A755AE8 and timestamp 2026-08-07 04:11:20 UTC. For more on scraping GitHub and how it may affect your rights, please review our Terms of Service (https:\\/\\/docs.github.com\\/en\\/site-policy\\/github-terms\\/github-terms-of-service)\",\n\t\"documentation_url\": \"https://docs.github.com/en/rest/using-the-rest-api/getting-started-with-the-rest-api#rate-limiting\",\n\t\"status\": \"403\"\n}\n",
      "query": "\"0.4.0+grm3u1+han3u2\" \"gooroom-applauncher-applet\""
    },
    {
      "url": "https://api.github.com/search/code?q=%220.4.0%2Bgrm3u1%2Bhan3u2%22+path%3Adebian%2Fchangelog&per_page=100",
      "status": 403,
      "error": "{\n\t\"message\": \"API rate limit exceeded for installation. If you reach out to GitHub Support for help, please include the request ID 382B:437B0:4261EE:E05555:6A755AE9 and timestamp 2026-08-07 04:11:21 UTC. For more on scraping GitHub and how it may affect your rights, please review our Terms of Service (https:\\/\\/docs.github.com\\/en\\/site-policy\\/github-terms\\/github-terms-of-service)\",\n\t\"documentation_url\": \"https://docs.github.com/en/rest/using-the-rest-api/getting-started-with-the-rest-api#rate-limiting\",\n\t\"status\": \"403\"\n}\n",
      "query": "\"0.4.0+grm3u1+han3u2\" path:debian/changelog"
    },
    {
      "url": "https://api.github.com/search/repositories?q=gooroom-applauncher-applet+in%3Aname&sort=updated&order=desc&per_page=100",
      "status": 200,
      "rate_limit_remaining": "23",
      "total_count": 1,
      "query": "gooroom-applauncher-applet in:name"
    },
    {
      "url": "https://api.github.com/search/repositories?q=gooroom-applauncher-applet+in%3Aname&sort=updated&order=desc&per_page=100",
      "status": 200,
      "rate_limit_remaining": "22",
      "total_count": 1,
      "query": "gooroom-applauncher-applet in:name"
    }
  ]
}
