scanned: hancomgooroom/gooroom-bootsplash-theme matches=0
scanned: IAMLEGENDZ/gnome-flashback matches=0
scanned: hancomgooroom/gnome-flashback matches=0
scanned: hancomgooroom/gooroom-icon-themes matches=0
scanned: hancomgooroom/gooroom-greeter matches=0
scanned: hancomgooroom/gooroom-guide matches=0
scanned: hancomgooroom/gooroom-translations matches=0
scanned: Zero-Fork-Storage/live-installer matches=0
scanned: hancomgooroom/live-installer matches=0
scanned: Zero-Fork-Storage/mbp-hancom-gooroom-kernel matches=0
scanned: ds-soup/linux matches=0
{
  "schema": 1,
  "policy": "exact-changelog-identity-in-github-official-fork-network",
  "target_count": 14,
  "resolved_count": 0,
  "unresolved_count": 14,
  "rebuild_unresolved_count": 9,
  "official_repository_count": 130,
  "official_network_count": 22,
  "fork_repository_count": 11,
  "fork_repository_scanned_count": 11,
  "fork_scan_error_count": 0,
  "fork_query_error_count": 0,
  "github_api_request_count": 25
}
