Traceback (most recent call last):
  File "/home/runner/work/hancom-gooroom-archive/hancom-gooroom-archive/arm64/scripts/build_package_acquisition_plan_v4.py", line 59, in <module>
    raise SystemExit(main())
                     ^^^^^^
  File "/home/runner/work/hancom-gooroom-archive/hancom-gooroom-archive/arm64/scripts/build_package_acquisition_plan_v4.py", line 19, in main
    rc = base.main()
         ^^^^^^^^^^^
  File "/home/runner/work/hancom-gooroom-archive/hancom-gooroom-archive/arm64/scripts/build_package_acquisition_plan_v3.py", line 156, in main
    normalized = load_json(args.normalized_map)
                 ^^^^^^^^^^^^^^^^^^^^^^^^^^^^^^
  File "/home/runner/work/hancom-gooroom-archive/hancom-gooroom-archive/arm64/scripts/build_package_acquisition_plan_v3.py", line 21, in load_json
    return json.loads(path.read_text(encoding="utf-8"))
                      ^^^^^^^^^^^^^^^^^^^^^^^^^^^^^^^^
  File "/usr/lib/python3.12/pathlib.py", line 1029, in read_text
    with self.open(mode='r', encoding=encoding, errors=errors) as f:
         ^^^^^^^^^^^^^^^^^^^^^^^^^^^^^^^^^^^^^^^^^^^^^^^^^^^^^
  File "/usr/lib/python3.12/pathlib.py", line 1015, in open
    return io.open(self, mode, buffering, encoding, errors, newline)
           ^^^^^^^^^^^^^^^^^^^^^^^^^^^^^^^^^^^^^^^^^^^^^^^^^^^^^^^^^
FileNotFoundError: [Errno 2] No such file or directory: 'arm64/locks/debian-arm64/normalized-package-map.json'
