{
  "schema": "hancom-gooroom-targeted-source-archaeology-v1",
  "generated_at": "2026-08-07T04:11:43.770891Z",
  "status": "unresolved",
  "reason": "no exact changelog commit was found",
  "source": "gnome-flashback",
  "version": "3.38.0-2+grm3u2+han3u4",
  "owners": [
    "hancomgooroom",
    "hancom-io",
    "gooroom"
  ],
  "repository_candidate_count": 12,
  "repository_candidates": [
    "hancom-io/gnome-flashback",
    "gooroom/gnome-flashback",
    "gooroom/gooroom-artwork-gnome-flashback",
    "clearlinux-pkgs/gnome-flashback",
    "cygwinports/gnome-flashback",
    "GNOME/gnome-flashback",
    "openkylin/gnome-flashback",
    "OpenMandrivaAssociation/gnome-flashback",
    "pld-linux/gnome-flashback",
    "aur-archive/gnome-flashback-git",
    "benwiz/stumpwm-gnome-flashback",
    "bobby285271/test-gnome-flashback"
  ],
  "exact_match_count": 0,
  "exact_tree_count": 0,
  "selected": null,
  "exact_matches": [],
  "repository_attempts": [
    {
      "repository_full_name": "hancom-io/gnome-flashback",
      "clone_status": 0,
      "history_search_status": 0,
      "candidate_commit_count": 1,
      "stderr_tail": "Cloning into bare repository '/tmp/source-archaeology-ntpzu3dm/hancom-io_gnome-flashback'...\n",
      "fetch_status": 0
    },
    {
      "repository_full_name": "gooroom/gnome-flashback",
      "clone_status": 0,
      "history_search_status": 0,
      "candidate_commit_count": 29,
      "stderr_tail": "Cloning into bare repository '/tmp/source-archaeology-ntpzu3dm/gooroom_gnome-flashback'...\n",
      "fetch_status": 0
    },
    {
      "repository_full_name": "gooroom/gooroom-artwork-gnome-flashback",
      "clone_status": 0,
      "history_search_status": 0,
      "candidate_commit_count": 21,
      "stderr_tail": "Cloning into bare repository '/tmp/source-archaeology-ntpzu3dm/gooroom_gooroom-artwork-gnome-flashback'...\n",
      "fetch_status": 0
    },
    {
      "repository_full_name": "clearlinux-pkgs/gnome-flashback",
      "clone_status": 0,
      "history_search_status": 0,
      "candidate_commit_count": 22,
      "stderr_tail": "Cloning into bare repository '/tmp/source-archaeology-ntpzu3dm/clearlinux-pkgs_gnome-flashback'...\n",
      "fetch_status": 0
    },
    {
      "repository_full_name": "cygwinports/gnome-flashback",
      "clone_status": 0,
      "history_search_status": 0,
      "candidate_commit_count": 1,
      "stderr_tail": "Cloning into bare repository '/tmp/source-archaeology-ntpzu3dm/cygwinports_gnome-flashback'...\n",
      "fetch_status": 0
    },
    {
      "repository_full_name": "GNOME/gnome-flashback",
      "clone_status": 0,
      "history_search_status": 0,
      "candidate_commit_count": 70,
      "stderr_tail": "Cloning into bare repository '/tmp/source-archaeology-ntpzu3dm/GNOME_gnome-flashback'...\n",
      "fetch_status": 0
    },
    {
      "repository_full_name": "openkylin/gnome-flashback",
      "clone_status": 0,
      "history_search_status": 0,
      "candidate_commit_count": 13,
      "stderr_tail": "Cloning into bare repository '/tmp/source-archaeology-ntpzu3dm/openkylin_gnome-flashback'...\n",
      "fetch_status": 0
    },
    {
      "repository_full_name": "OpenMandrivaAssociation/gnome-flashback",
      "clone_status": 0,
      "history_search_status": 0,
      "candidate_commit_count": 9,
      "stderr_tail": "Cloning into bare repository '/tmp/source-archaeology-ntpzu3dm/OpenMandrivaAssociation_gnome-flashback'...\n",
      "fetch_status": 0
    },
    {
      "repository_full_name": "pld-linux/gnome-flashback",
      "clone_status": 0,
      "history_search_status": 0,
      "candidate_commit_count": 23,
      "stderr_tail": "Cloning into bare repository '/tmp/source-archaeology-ntpzu3dm/pld-linux_gnome-flashback'...\n",
      "fetch_status": 0
    },
    {
      "repository_full_name": "aur-archive/gnome-flashback-git",
      "clone_status": 0,
      "history_search_status": 0,
      "candidate_commit_count": 1,
      "stderr_tail": "Cloning into bare repository '/tmp/source-archaeology-ntpzu3dm/aur-archive_gnome-flashback-git'...\n",
      "fetch_status": 0
    },
    {
      "repository_full_name": "benwiz/stumpwm-gnome-flashback",
      "clone_status": 0,
      "history_search_status": 0,
      "candidate_commit_count": 1,
      "stderr_tail": "Cloning into bare repository '/tmp/source-archaeology-ntpzu3dm/benwiz_stumpwm-gnome-flashback'...\n",
      "fetch_status": 0
    },
    {
      "repository_full_name": "bobby285271/test-gnome-flashback",
      "clone_status": 0,
      "history_search_status": 0,
      "candidate_commit_count": 1,
      "stderr_tail": "Cloning into bare repository '/tmp/source-archaeology-ntpzu3dm/bobby285271_test-gnome-flashback'...\n",
      "fetch_status": 0
    }
  ],
  "api_evidence": [
    {
      "url": "https://api.github.com/orgs/hancomgooroom/repos?type=all&per_page=100&page=1",
      "status": 404,
      "error": "{\"message\":\"Not Found\",\"documentation_url\":\"https://docs.github.com/rest/repos/repos#list-organization-repositories\",\"status\":\"404\"}"
    },
    {
      "url": "https://api.github.com/orgs/hancom-io/repos?type=all&per_page=100&page=1",
      "status": 200,
      "rate_limit_remaining": "4993"
    },
    {
      "url": "https://api.github.com/orgs/gooroom/repos?type=all&per_page=100&page=1",
      "status": 200,
      "rate_limit_remaining": "4991"
    },
    {
      "url": "https://api.github.com/search/code?q=%223.38.0-2%2Bgrm3u2%2Bhan3u4%22+org%3Ahancomgooroom&per_page=100",
      "status": 200,
      "rate_limit_remaining": "7",
      "total_count": 0,
      "query": "\"3.38.0-2+grm3u2+han3u4\" org:hancomgooroom"
    },
    {
      "url": "https://api.github.com/search/code?q=%223.38.0-2%2Bgrm3u2%2Bhan3u4%22+org%3Ahancom-io&per_page=100",
      "status": 200,
      "rate_limit_remaining": "4",
      "total_count": 0,
      "query": "\"3.38.0-2+grm3u2+han3u4\" org:hancom-io"
    },
    {
      "url": "https://api.github.com/search/code?q=%223.38.0-2%2Bgrm3u2%2Bhan3u4%22+org%3Agooroom&per_page=100",
      "status": 200,
      "rate_limit_remaining": "1",
      "total_count": 0,
      "query": "\"3.38.0-2+grm3u2+han3u4\" org:gooroom"
    },
    {
      "url": "https://api.github.com/search/code?q=%223.38.0-2%2Bgrm3u2%2Bhan3u4%22+%22gnome-flashback%22&per_page=100",
      "status": 403,
      "error": "{\n\t\"message\": \"API rate limit exceeded for installation. If you reach out to GitHub Support for help, please include the request ID CC26:176BA1:E995C6:EF3DE9:6A755AE3 and timestamp 2026-08-07 04:11:15 UTC. For more on scraping GitHub and how it may affect your rights, please review our Terms of Service (https:\\/\\/docs.github.com\\/en\\/site-policy\\/github-terms\\/github-terms-of-service)\",\n\t\"documentation_url\": \"https://docs.github.com/en/rest/using-the-rest-api/getting-started-with-the-rest-api#rate-limiting\",\n\t\"status\": \"403\"\n}\n",
      "query": "\"3.38.0-2+grm3u2+han3u4\" \"gnome-flashback\""
    },
    {
      "url": "https://api.github.com/search/code?q=%223.38.0-2%2Bgrm3u2%2Bhan3u4%22+path%3Adebian%2Fchangelog&per_page=100",
      "status": 403,
      "error": "{\n\t\"message\": \"API rate limit exceeded for installation. If you reach out to GitHub Support for help, please include the request ID CC20:32E98D:E1E74F:E78953:6A755AE5 and timestamp 2026-08-07 04:11:17 UTC. For more on scraping GitHub and how it may affect your rights, please review our Terms of Service (https:\\/\\/docs.github.com\\/en\\/site-policy\\/github-terms\\/github-terms-of-service)\",\n\t\"documentation_url\": \"https://docs.github.com/en/rest/using-the-rest-api/getting-started-with-the-rest-api#rate-limiting\",\n\t\"status\": \"403\"\n}\n",
      "query": "\"3.38.0-2+grm3u2+han3u4\" path:debian/changelog"
    },
    {
      "url": "https://api.github.com/search/repositories?q=gnome-flashback+in%3Aname&sort=updated&order=desc&per_page=100",
      "status": 200,
      "rate_limit_remaining": "26",
      "total_count": 33,
      "query": "gnome-flashback in:name"
    },
    {
      "url": "https://api.github.com/search/repositories?q=gnome-flashback+in%3Aname&sort=updated&order=desc&per_page=100",
      "status": 200,
      "rate_limit_remaining": "24",
      "total_count": 33,
      "query": "gnome-flashback in:name"
    }
  ]
}
