{
  "schema": "hancom-gooroom-targeted-source-archaeology-v1",
  "generated_at": "2026-08-07T04:19:37.149253Z",
  "status": "unresolved",
  "reason": "no exact changelog commit was found",
  "source": "gooroom-greeter",
  "version": "0.3.1+grm3u1+han3u2",
  "owners": [
    "hancomgooroom",
    "hancom-io",
    "gooroom"
  ],
  "repository_candidate_count": 12,
  "repository_candidates": [
    "hancomgooroom/gooroom-greeter",
    "hancom-io/gooroom-greeter",
    "gooroom/gooroom-greeter",
    "hancomgooroom/gdebi",
    "hancomgooroom/gnome-flashback",
    "hancomgooroom/gnome-screensaver",
    "hancomgooroom/gooroom-bootsplash-theme",
    "hancomgooroom/gooroom-client-server-register",
    "hancomgooroom/gooroom-guide",
    "hancomgooroom/gooroom-icon-themes",
    "hancomgooroom/gooroom-initial-setup",
    "hancomgooroom/gooroom-translations"
  ],
  "exact_match_count": 0,
  "exact_tree_count": 0,
  "selected": null,
  "exact_matches": [],
  "repository_attempts": [
    {
      "repository_full_name": "hancomgooroom/gooroom-greeter",
      "clone_status": 0,
      "history_search_status": 0,
      "candidate_commit_count": 4,
      "stderr_tail": "Cloning into bare repository '/tmp/source-archaeology-xli79ew1/hancomgooroom_gooroom-greeter'...\n",
      "fetch_status": 0
    },
    {
      "repository_full_name": "hancom-io/gooroom-greeter",
      "clone_status": 0,
      "history_search_status": 0,
      "candidate_commit_count": 3,
      "stderr_tail": "Cloning into bare repository '/tmp/source-archaeology-xli79ew1/hancom-io_gooroom-greeter'...\n",
      "fetch_status": 0
    },
    {
      "repository_full_name": "gooroom/gooroom-greeter",
      "clone_status": 0,
      "history_search_status": 0,
      "candidate_commit_count": 40,
      "stderr_tail": "Cloning into bare repository '/tmp/source-archaeology-xli79ew1/gooroom_gooroom-greeter'...\n",
      "fetch_status": 0
    },
    {
      "repository_full_name": "hancomgooroom/gdebi",
      "clone_status": 0,
      "history_search_status": 0,
      "candidate_commit_count": 2,
      "stderr_tail": "Cloning into bare repository '/tmp/source-archaeology-xli79ew1/hancomgooroom_gdebi'...\n",
      "fetch_status": 0
    },
    {
      "repository_full_name": "hancomgooroom/gnome-flashback",
      "clone_status": 0,
      "history_search_status": 0,
      "candidate_commit_count": 2,
      "stderr_tail": "Cloning into bare repository '/tmp/source-archaeology-xli79ew1/hancomgooroom_gnome-flashback'...\n",
      "fetch_status": 0
    },
    {
      "repository_full_name": "hancomgooroom/gnome-screensaver",
      "clone_status": 0,
      "history_search_status": 0,
      "candidate_commit_count": 2,
      "stderr_tail": "Cloning into bare repository '/tmp/source-archaeology-xli79ew1/hancomgooroom_gnome-screensaver'...\n",
      "fetch_status": 0
    },
    {
      "repository_full_name": "hancomgooroom/gooroom-bootsplash-theme",
      "clone_status": 0,
      "history_search_status": 0,
      "candidate_commit_count": 2,
      "stderr_tail": "Cloning into bare repository '/tmp/source-archaeology-xli79ew1/hancomgooroom_gooroom-bootsplash-theme'...\n",
      "fetch_status": 0
    },
    {
      "repository_full_name": "hancomgooroom/gooroom-client-server-register",
      "clone_status": 0,
      "history_search_status": 0,
      "candidate_commit_count": 4,
      "stderr_tail": "Cloning into bare repository '/tmp/source-archaeology-xli79ew1/hancomgooroom_gooroom-client-server-register'...\n",
      "fetch_status": 0
    },
    {
      "repository_full_name": "hancomgooroom/gooroom-guide",
      "clone_status": 0,
      "history_search_status": 0,
      "candidate_commit_count": 4,
      "stderr_tail": "Cloning into bare repository '/tmp/source-archaeology-xli79ew1/hancomgooroom_gooroom-guide'...\n",
      "fetch_status": 0
    },
    {
      "repository_full_name": "hancomgooroom/gooroom-icon-themes",
      "clone_status": 0,
      "history_search_status": 0,
      "candidate_commit_count": 2,
      "stderr_tail": "Cloning into bare repository '/tmp/source-archaeology-xli79ew1/hancomgooroom_gooroom-icon-themes'...\n",
      "fetch_status": 0
    },
    {
      "repository_full_name": "hancomgooroom/gooroom-initial-setup",
      "clone_status": 0,
      "history_search_status": 0,
      "candidate_commit_count": 1,
      "stderr_tail": "Cloning into bare repository '/tmp/source-archaeology-xli79ew1/hancomgooroom_gooroom-initial-setup'...\n",
      "fetch_status": 0
    },
    {
      "repository_full_name": "hancomgooroom/gooroom-translations",
      "clone_status": 0,
      "history_search_status": 0,
      "candidate_commit_count": 4,
      "stderr_tail": "Cloning into bare repository '/tmp/source-archaeology-xli79ew1/hancomgooroom_gooroom-translations'...\n",
      "fetch_status": 0
    }
  ],
  "api_evidence": [
    {
      "url": "https://api.github.com/orgs/hancomgooroom/repos?type=all&per_page=100&page=1",
      "status": 404,
      "error": "{\"message\":\"Not Found\",\"documentation_url\":\"https://docs.github.com/rest/repos/repos#list-organization-repositories\",\"status\":\"404\"}",
      "account_kind": "organization"
    },
    {
      "url": "https://api.github.com/users/hancomgooroom/repos?type=all&per_page=100&page=1",
      "status": 200,
      "rate_limit_remaining": "4936",
      "account_kind": "user"
    },
    {
      "url": "https://api.github.com/orgs/hancom-io/repos?type=all&per_page=100&page=1",
      "status": 200,
      "rate_limit_remaining": "4935",
      "account_kind": "organization"
    },
    {
      "url": "https://api.github.com/orgs/gooroom/repos?type=all&per_page=100&page=1",
      "status": 200,
      "rate_limit_remaining": "4934",
      "account_kind": "organization"
    },
    {
      "url": "https://api.github.com/search/repositories?q=gooroom-greeter+in%3Aname&sort=updated&order=desc&per_page=100",
      "status": 200,
      "rate_limit_remaining": "29",
      "total_count": 2,
      "query": "gooroom-greeter in:name"
    }
  ]
}
